<?xml version="1.0" encoding="UTF-8"?>
<testsuites name="jest tests" tests="1" failures="0" errors="0" time="0.911">
  <testsuite name="Test routes" errors="0" failures="0" skipped="0" timestamp="2022-07-12T15:08:45" time="0.873" tests="1">
    <testcase classname="Test routes GET / - 201" name="Test routes GET / - 201" time="0.016">
    </testcase>
  </testsuite>
</testsuites>